# Bake Begins!
### (1 of 6) Copy sources
$ cp -a /home/travis/build/fontdirectory/noticiatext/METADATA.json /home/travis/build/fontdirectory/noticiatext/builds/build
$ cp -a /home/travis/build/fontdirectory/noticiatext/DESCRIPTION.en_us.html /home/travis/build/fontdirectory/noticiatext/builds/build
$ cp -a /home/travis/build/fontdirectory/noticiatext/FONTLOG.txt /home/travis/build/fontdirectory/noticiatext/builds/build
$ cp -a NoticiaText-Regular.ttf.ttx NoticiaText-Italic.ttf.ttx NoticiaText-BoldItalic.ttf.ttx NoticiaText-Bold.ttf.ttx NoticiaText-Regular.ttf._p_r_e_p.ttx NoticiaText-Regular.ttf._p_o_s_t.ttx NoticiaText-Regular.ttf._n_a_m_e.ttx NoticiaText-Regular.ttf._m_a_x_p.ttx NoticiaText-Regular.ttf._l_o_c_a.ttx NoticiaText-Regular.ttf._h_m_t_x.ttx NoticiaText-Regular.ttf._h_h_e_a.ttx NoticiaText-Regular.ttf._h_e_a_d.ttx NoticiaText-Regular.ttf._h_d_m_x.ttx NoticiaText-Regular.ttf._g_l_y_f.ttx NoticiaText-Regular.ttf._g_a_s_p.ttx NoticiaText-Regular.ttf._f_p_g_m.ttx NoticiaText-Regular.ttf._c_v_t.ttx NoticiaText-Regular.ttf._c_m_a_p.ttx NoticiaText-Regular.ttf.V_D_M_X_.ttx NoticiaText-Regular.ttf.O_S_2f_2.ttx NoticiaText-Regular.ttf.L_T_S_H_.ttx NoticiaText-Regular.ttf.GlyphOrder.ttx NoticiaText-Regular.ttf.G_P_O_S_.ttx NoticiaText-Regular.ttf.G_D_E_F_.ttx NoticiaText-Italic.ttf._p_r_e_p.ttx NoticiaText-Italic.ttf._p_o_s_t.ttx NoticiaText-Italic.ttf._n_a_m_e.ttx NoticiaText-Italic.ttf._m_a_x_p.ttx NoticiaText-Italic.ttf._l_o_c_a.ttx NoticiaText-Italic.ttf._h_m_t_x.ttx NoticiaText-Italic.ttf._h_h_e_a.ttx NoticiaText-Italic.ttf._h_e_a_d.ttx NoticiaText-Italic.ttf._g_l_y_f.ttx NoticiaText-Italic.ttf._g_a_s_p.ttx NoticiaText-Italic.ttf._f_p_g_m.ttx NoticiaText-Italic.ttf._c_v_t.ttx NoticiaText-Italic.ttf._c_m_a_p.ttx NoticiaText-Italic.ttf.V_D_M_X_.ttx NoticiaText-Italic.ttf.O_S_2f_2.ttx NoticiaText-Italic.ttf.GlyphOrder.ttx NoticiaText-BoldItalic.ttf._p_r_e_p.ttx NoticiaText-BoldItalic.ttf._p_o_s_t.ttx NoticiaText-BoldItalic.ttf._n_a_m_e.ttx NoticiaText-BoldItalic.ttf._m_a_x_p.ttx NoticiaText-BoldItalic.ttf._l_o_c_a.ttx NoticiaText-BoldItalic.ttf._h_m_t_x.ttx NoticiaText-BoldItalic.ttf._h_h_e_a.ttx NoticiaText-BoldItalic.ttf._h_e_a_d.ttx NoticiaText-BoldItalic.ttf._g_l_y_f.ttx NoticiaText-BoldItalic.ttf._g_a_s_p.ttx NoticiaText-BoldItalic.ttf._f_p_g_m.ttx NoticiaText-BoldItalic.ttf._c_v_t.ttx NoticiaText-BoldItalic.ttf._c_m_a_p.ttx NoticiaText-BoldItalic.ttf.V_D_M_X_.ttx NoticiaText-BoldItalic.ttf.O_S_2f_2.ttx NoticiaText-BoldItalic.ttf.GlyphOrder.ttx NoticiaText-Bold.ttf._p_r_e_p.ttx NoticiaText-Bold.ttf._p_o_s_t.ttx NoticiaText-Bold.ttf._n_a_m_e.ttx NoticiaText-Bold.ttf._m_a_x_p.ttx NoticiaText-Bold.ttf._l_o_c_a.ttx NoticiaText-Bold.ttf._h_m_t_x.ttx NoticiaText-Bold.ttf._h_h_e_a.ttx NoticiaText-Bold.ttf._h_e_a_d.ttx NoticiaText-Bold.ttf._h_d_m_x.ttx NoticiaText-Bold.ttf._g_l_y_f.ttx NoticiaText-Bold.ttf._g_a_s_p.ttx NoticiaText-Bold.ttf._f_p_g_m.ttx NoticiaText-Bold.ttf._c_v_t.ttx NoticiaText-Bold.ttf._c_m_a_p.ttx NoticiaText-Bold.ttf.V_D_M_X_.ttx NoticiaText-Bold.ttf.O_S_2f_2.ttx NoticiaText-Bold.ttf.L_T_S_H_.ttx NoticiaText-Bold.ttf.GlyphOrder.ttx NoticiaText-Bold.ttf.G_P_O_S_.ttx NoticiaText-Bold.ttf.G_D_E_F_.ttx /home/travis/build/fontdirectory/noticiatext/builds/build/sources
### (2 of 6) pyfontaine
### (3 of 6) Run upstream tests
$ fontbakery-check.py upstream-repo sources
$ fontaine --collections subsets --text /home/travis/build/fontdirectory/noticiatext/builds/build/sources/NoticiaText-Bold.ttf.ttx /home/travis/build/fontdirectory/noticiatext/builds/build/sources/NoticiaText-BoldItalic.ttf.ttx /home/travis/build/fontdirectory/noticiatext/builds/build/sources/NoticiaText-Italic.ttf.ttx /home/travis/build/fontdirectory/noticiatext/builds/build/sources/NoticiaText-Regular.ttf.ttx > fontaine.txt
WARNING: Please install [PyICU](https://pypi.python.org/pypi/PyICU) toenable [feature], perhaps with: pip install pyicu
bakery_lint.tests.upstream.test_prepolation.FontTestPrepolation.test_font_prepolation_glyph_contours(): OK
end of pyfontaine process
bakery_lint.tests.upstream.test_prepolation.FontTestPrepolation.test_font_prepolation_glyph_points(): OK
bakery_lint.tests.upstream.test_prepolation.FontTestPrepolation.test_font_test_prepolation_glyph_names(): OK
bakery_lint.tests.upstream.test_diacritic.TestDiacritic.test_diacritic_made_as_component(): OK
bakery_lint.tests.upstream.test_diacritic.TestDiacritic.test_diacritic_made_as_mark_to_mark(): OK
bakery_lint.tests.upstream.test_diacritic.TestDiacritic.test_diacritic_made_as_own_glyphs(): OK
bakery_lint.tests.upstream.test_check_upstream_sources.ProjectUpstreamTestCase.test_bakery_yaml_exists(): OK
bakery_lint.tests.upstream.test_check_upstream_sources.ProjectUpstreamTestCase.test_copyright_notices_same_across_family(): OK
bakery_lint.tests.upstream.test_check_upstream_sources.ProjectUpstreamTestCase.test_description_html_exists(): OK
bakery_lint.tests.upstream.test_check_upstream_sources.ProjectUpstreamTestCase.test_fontlog_txt_exists(): OK
bakery_lint.tests.upstream.test_check_upstream_sources.ProjectUpstreamTestCase.test_metadata_json_exists(): OK
$ fontbakery-check.py upstream-ttx NoticiaText-Bold.ttf.ttx
bakery_lint.tests.upstream.test_glyphname_does_not_contain_disallowed_chars.TestGlyphNameDoesNotContainsDisallowedChars.test_glyphname_does_not_contain_disallowed_chars(): OK
bakery_lint.tests.upstream.test_font_filename_eq_familystyle.TestTTFSourceFontFileNameEqualsFamilyStyle.test_source_ttf_font_filename_equals_familystyle(): FAIL
$ mv /home/travis/build/fontdirectory/noticiatext/builds/build/sources/NoticiaText-Bold.ttf.ttx /home/travis/build/fontdirectory/noticiatext/builds/build/sources/NoticiaText-Bold.ttx
bakery_lint.tests.upstream.test_font_filename_eq_familystyle.TestTTFSourceFontFileNameEqualsFamilyStyle.test_source_ttf_font_filename_equals_familystyle(): OK
bakery_lint.tests.upstream.test_check_ttx_requirements.SourceTTXTest.test_epar_in_keys(): FAIL
bakery_lint.tests.upstream.test_check_ttx_requirements.SourceTTXTest.test_os2_in_keys(): OK
bakery_lint.tests.upstream.test_check_ttx_requirements.SourceTTXTest.test_ttx_doesnt_contain_duplicate_glyphs(): OK
bakery_lint.tests.upstream.test_check_ttx_fontfamily_recommendations.TTX_FontFamilyNamingTest.test_ttx_family_naming_recommendation(): OK
$ fontbakery-check.py upstream-ttx NoticiaText-BoldItalic.ttf.ttx
bakery_lint.tests.upstream.test_glyphname_does_not_contain_disallowed_chars.TestGlyphNameDoesNotContainsDisallowedChars.test_glyphname_does_not_contain_disallowed_chars(): OK
bakery_lint.tests.upstream.test_font_filename_eq_familystyle.TestTTFSourceFontFileNameEqualsFamilyStyle.test_source_ttf_font_filename_equals_familystyle(): FAIL
$ mv /home/travis/build/fontdirectory/noticiatext/builds/build/sources/NoticiaText-BoldItalic.ttf.ttx /home/travis/build/fontdirectory/noticiatext/builds/build/sources/NoticiaText-BoldItalic.ttx
bakery_lint.tests.upstream.test_font_filename_eq_familystyle.TestTTFSourceFontFileNameEqualsFamilyStyle.test_source_ttf_font_filename_equals_familystyle(): OK
bakery_lint.tests.upstream.test_check_ttx_requirements.SourceTTXTest.test_epar_in_keys(): FAIL
bakery_lint.tests.upstream.test_check_ttx_requirements.SourceTTXTest.test_os2_in_keys(): OK
bakery_lint.tests.upstream.test_check_ttx_requirements.SourceTTXTest.test_ttx_doesnt_contain_duplicate_glyphs(): OK
bakery_lint.tests.upstream.test_check_ttx_fontfamily_recommendations.TTX_FontFamilyNamingTest.test_ttx_family_naming_recommendation(): OK
$ fontbakery-check.py upstream-ttx NoticiaText-Italic.ttf.ttx
bakery_lint.tests.upstream.test_glyphname_does_not_contain_disallowed_chars.TestGlyphNameDoesNotContainsDisallowedChars.test_glyphname_does_not_contain_disallowed_chars(): OK
bakery_lint.tests.upstream.test_font_filename_eq_familystyle.TestTTFSourceFontFileNameEqualsFamilyStyle.test_source_ttf_font_filename_equals_familystyle(): FAIL
$ mv /home/travis/build/fontdirectory/noticiatext/builds/build/sources/NoticiaText-Italic.ttf.ttx /home/travis/build/fontdirectory/noticiatext/builds/build/sources/NoticiaText-Italic.ttx
bakery_lint.tests.upstream.test_font_filename_eq_familystyle.TestTTFSourceFontFileNameEqualsFamilyStyle.test_source_ttf_font_filename_equals_familystyle(): OK
bakery_lint.tests.upstream.test_check_ttx_requirements.SourceTTXTest.test_epar_in_keys(): FAIL
bakery_lint.tests.upstream.test_check_ttx_requirements.SourceTTXTest.test_os2_in_keys(): OK
bakery_lint.tests.upstream.test_check_ttx_requirements.SourceTTXTest.test_ttx_doesnt_contain_duplicate_glyphs(): OK
bakery_lint.tests.upstream.test_check_ttx_fontfamily_recommendations.TTX_FontFamilyNamingTest.test_ttx_family_naming_recommendation(): OK
$ fontbakery-check.py upstream-ttx NoticiaText-Regular.ttf.ttx
bakery_lint.tests.upstream.test_glyphname_does_not_contain_disallowed_chars.TestGlyphNameDoesNotContainsDisallowedChars.test_glyphname_does_not_contain_disallowed_chars(): OK
bakery_lint.tests.upstream.test_font_filename_eq_familystyle.TestTTFSourceFontFileNameEqualsFamilyStyle.test_source_ttf_font_filename_equals_familystyle(): FAIL
$ mv /home/travis/build/fontdirectory/noticiatext/builds/build/sources/NoticiaText-Regular.ttf.ttx /home/travis/build/fontdirectory/noticiatext/builds/build/sources/NoticiaText-Regular.ttx
bakery_lint.tests.upstream.test_font_filename_eq_familystyle.TestTTFSourceFontFileNameEqualsFamilyStyle.test_source_ttf_font_filename_equals_familystyle(): OK
bakery_lint.tests.upstream.test_check_ttx_requirements.SourceTTXTest.test_epar_in_keys(): FAIL
bakery_lint.tests.upstream.test_check_ttx_requirements.SourceTTXTest.test_os2_in_keys(): OK
bakery_lint.tests.upstream.test_check_ttx_requirements.SourceTTXTest.test_ttx_doesnt_contain_duplicate_glyphs(): OK
bakery_lint.tests.upstream.test_check_ttx_fontfamily_recommendations.TTX_FontFamilyNamingTest.test_ttx_family_naming_recommendation(): OK
### (4 of 6) Convert sources to TTF
$ ttx -d /home/travis/build/fontdirectory/noticiatext/builds/build /home/travis/build/fontdirectory/noticiatext/builds/build/sources/NoticiaText-Regular.ttx /home/travis/build/fontdirectory/noticiatext/builds/build/sources/NoticiaText-Italic.ttx /home/travis/build/fontdirectory/noticiatext/builds/build/sources/NoticiaText-BoldItalic.ttx /home/travis/build/fontdirectory/noticiatext/builds/build/sources/NoticiaText-Bold.ttx
Compiling "/home/travis/build/fontdirectory/noticiatext/builds/build/sources/NoticiaText-Regular.ttx" to "/home/travis/build/fontdirectory/noticiatext/builds/build/NoticiaText-Regular.ttf"...
Parsing 'GlyphOrder' table...
Parsing 'head' table...
Parsing 'hhea' table...
Parsing 'maxp' table...
Parsing 'OS/2' table...
Parsing 'hmtx' table...
Parsing 'LTSH' table...
Parsing 'VDMX' table...
Parsing 'hdmx' table...
Parsing 'cmap' table...
Parsing 'fpgm' table...
Parsing 'prep' table...
Parsing 'cvt ' table...
Parsing 'loca' table...
Parsing 'glyf' table...
Parsing 'name' table...
Parsing 'post' table...
Parsing 'gasp' table...
Parsing 'GDEF' table...
Parsing 'GPOS' table...
Compiling "/home/travis/build/fontdirectory/noticiatext/builds/build/sources/NoticiaText-Italic.ttx" to "/home/travis/build/fontdirectory/noticiatext/builds/build/NoticiaText-Italic.ttf"...
Parsing 'GlyphOrder' table...
Parsing 'head' table...
Parsing 'hhea' table...
Parsing 'maxp' table...
Parsing 'OS/2' table...
Parsing 'hmtx' table...
Parsing 'VDMX' table...
Parsing 'cmap' table...
Parsing 'fpgm' table...
Parsing 'prep' table...
Parsing 'cvt ' table...
Parsing 'loca' table...
Parsing 'glyf' table...
Parsing 'name' table...
Parsing 'post' table...
Parsing 'gasp' table...
Compiling "/home/travis/build/fontdirectory/noticiatext/builds/build/sources/NoticiaText-BoldItalic.ttx" to "/home/travis/build/fontdirectory/noticiatext/builds/build/NoticiaText-BoldItalic.ttf"...
Parsing 'GlyphOrder' table...
Parsing 'head' table...
Parsing 'hhea' table...
Parsing 'maxp' table...
Parsing 'OS/2' table...
Parsing 'hmtx' table...
Parsing 'VDMX' table...
Parsing 'cmap' table...
Parsing 'fpgm' table...
Parsing 'prep' table...
Parsing 'cvt ' table...
Parsing 'loca' table...
Parsing 'glyf' table...
Parsing 'name' table...
Parsing 'post' table...
Parsing 'gasp' table...
Compiling "/home/travis/build/fontdirectory/noticiatext/builds/build/sources/NoticiaText-Bold.ttx" to "/home/travis/build/fontdirectory/noticiatext/builds/build/NoticiaText-Bold.ttf"...
Parsing 'GlyphOrder' table...
Parsing 'head' table...
Parsing 'hhea' table...
Parsing 'maxp' table...
Parsing 'OS/2' table...
Parsing 'hmtx' table...
Parsing 'LTSH' table...
Parsing 'VDMX' table...
Parsing 'hdmx' table...
Parsing 'cmap' table...
Parsing 'fpgm' table...
Parsing 'prep' table...
Parsing 'cvt ' table...
Parsing 'loca' table...
Parsing 'glyf' table...
Parsing 'name' table...
Parsing 'post' table...
Parsing 'gasp' table...
Parsing 'GDEF' table...
Parsing 'GPOS' table...
### Test NoticiaText-Regular.ttf
$ fontbakery-check.py result NoticiaText-Regular.ttf
bakery_lint.tests.downstream.test_names_are_ascii_only.CheckNamesAreASCIIOnly.test_check_names_are_ascii_only(): OK
bakery_lint.tests.downstream.test_gpos_table_has_kerning_info.CheckGposTableHasKerningInfo.test_gpos_table_has_kerning_info(): OK
bakery_lint.tests.downstream.test_gasp_table_value.CheckGaspTableType.test_check_gasp_table_type(): OK
$ fontbakery-fix-gasp.py --set=15 /home/travis/build/fontdirectory/noticiatext/builds/build/NoticiaText-Regular.ttf
$ mv /home/travis/build/fontdirectory/noticiatext/builds/build/NoticiaText-Regular.ttf.fix /home/travis/build/fontdirectory/noticiatext/builds/build/NoticiaText-Regular.ttf
The following table(s) in the font have been ignored by FontForge
  Ignoring 'LTSH' linear threshold table
  Ignoring 'VDMX' vertical device metrics table
  Ignoring 'hdmx' horizontal device metrics table
bakery_lint.tests.downstream.test_fontforge_validation_state.FontForgeValidateStateTest.test_allowed_numbers_paths_in_composite_glyphs(): OK
bakery_lint.tests.downstream.test_fontforge_validation_state.FontForgeValidateStateTest.test_allowed_numbers_paths_in_glyphs(): OK
bakery_lint.tests.downstream.test_fontforge_validation_state.FontForgeValidateStateTest.test_allowed_numbers_points_in_composite_glyphs(): OK
bakery_lint.tests.downstream.test_fontforge_validation_state.FontForgeValidateStateTest.test_allowed_numbers_points_in_glyphs(): OK
bakery_lint.tests.downstream.test_fontforge_validation_state.FontForgeValidateStateTest.test_duplicate_glyphs(): OK
bakery_lint.tests.downstream.test_fontforge_validation_state.FontForgeValidateStateTest.test_duplicate_unicode_codepoints(): OK
bakery_lint.tests.downstream.test_fontforge_validation_state.FontForgeValidateStateTest.test_flipped_reference_in_glyphs(): OK
bakery_lint.tests.downstream.test_fontforge_validation_state.FontForgeValidateStateTest.test_missing_anchors(): OK
bakery_lint.tests.downstream.test_fontforge_validation_state.FontForgeValidateStateTest.test_missing_extrema_in_glyphs(): FAIL
bakery_lint.tests.downstream.test_fontforge_validation_state.FontForgeValidateStateTest.test_overlapped_hints(): OK
bakery_lint.tests.downstream.test_fontforge_validation_state.FontForgeValidateStateTest.test_points_are_integer_aligned(): OK
bakery_lint.tests.downstream.test_fontforge_validation_state.FontForgeValidateStateTest.test_points_are_not_too_far_apart(): OK
bakery_lint.tests.downstream.test_fontforge_validation_state.FontForgeValidateStateTest.test_postscript_hasnt_limit_hints_in_glyphs(): OK
bakery_lint.tests.downstream.test_fontforge_validation_state.FontForgeValidateStateTest.test_postscript_hasnt_limit_points_in_glyphs(): OK
bakery_lint.tests.downstream.test_fontforge_validation_state.FontForgeValidateStateTest.test_referenced_glyphs_are_present(): OK
bakery_lint.tests.downstream.test_fontforge_validation_state.FontForgeValidateStateTest.test_valid_glyph_names(): OK
bakery_lint.tests.downstream.test_fontforge_validation_state.FontForgeValidateStateTest.test_valid_length_instructions(): OK
bakery_lint.tests.downstream.test_fontforge_validation_state.FontForgeValidateStateTest.test_validation_glyph_intersect(): FAIL
bakery_lint.tests.downstream.test_fontforge_validation_state.FontForgeValidateStateTest.test_validation_open_contours(): OK
bakery_lint.tests.downstream.test_fontforge_validation_state.FontForgeValidateStateTest.test_wrong_direction_in_glyphs(): OK
bakery_lint.tests.downstream.test_check_vertical_metrics.CheckVerticalLinegapMetrics.test_metrics_linegaps_are_zero(): OK
bakery_lint.tests.downstream.test_check_vertical_metrics.CheckVerticalAscentMetrics.test_metrics_ascents_equal_bbox(): OK
bakery_lint.tests.downstream.test_check_vertical_metrics.CheckVerticalDescentMetrics.test_metrics_descents_equal_bbox(): OK
bakery_lint.tests.downstream.test_check_upm_heights_less_120.TestCheckUPMHeightsLess120.test_check_upm_heigths_less_120(): FAIL
bakery_lint.tests.downstream.test_check_unused_glyph_data.CheckUnusedGlyphData.test_check_unused_glyph_data(): ERROR
bakery_lint.tests.downstream.test_check_unencoded_glyph.TestFontUnencodedGlyph.test_font_unencoded_glyphs(): FAIL
$ fontbakery-fix-glyph-private-encoding.py --autofix /home/travis/build/fontdirectory/noticiatext/builds/build/NoticiaText-Regular.ttf
$ mv /home/travis/build/fontdirectory/noticiatext/builds/build/NoticiaText-Regular.ttf.fix /home/travis/build/fontdirectory/noticiatext/builds/build/NoticiaText-Regular.ttf
bakery_lint.tests.downstream.test_check_unencoded_glyph.TestFontUnencodedGlyph.test_font_unencoded_glyphs(): FAIL
bakery_lint.tests.downstream.test_check_panose_identification.CheckPanoseIdentification.test_check_panose_identification(): OK
bakery_lint.tests.downstream.test_check_os2_width_class.CheckOS2WidthClass.test_check_os2_width_class(): OK
bakery_lint.tests.downstream.test_check_no_problematic_formats.CheckNoProblematicFormats.test_check_no_problematic_formats(): OK
bakery_lint.tests.downstream.test_check_nbsp_width_matches_sp_width.CheckNbspWidthMatchesSpWidth.test_check_nbsp_width_matches_sp_width(): OK
bakery_lint.tests.downstream.test_check_names_same_across_platforms.CheckNamesSameAcrossPlatforms.test_check_names_same_across_platforms(): OK
bakery_lint.tests.downstream.test_check_name_table_recommendation.CheckStyleNameRecommendation.test_check_stylename_is_under_recommendations(): OK
bakery_lint.tests.downstream.test_check_name_table_recommendation.CheckOTFamilyNameRecommendation.test_check_opentype_familyname(): FAIL
$ fontbakery-fix-opentype-names.py /home/travis/build/fontdirectory/noticiatext/builds/build/NoticiaText-Regular.ttf
$ mv /home/travis/build/fontdirectory/noticiatext/builds/build/NoticiaText-Regular.ttf.fix /home/travis/build/fontdirectory/noticiatext/builds/build/NoticiaText-Regular.ttf
bakery_lint.tests.downstream.test_check_name_table_recommendation.CheckOTFamilyNameRecommendation.test_check_opentype_familyname(): OK
bakery_lint.tests.downstream.test_check_name_table_recommendation.CheckOTStyleNameRecommendation.test_check_opentype_stylename(): OK
bakery_lint.tests.downstream.test_check_name_table_recommendation.CheckOTFullNameRecommendation.test_check_opentype_fullname(): OK
bakery_lint.tests.downstream.test_check_magic_prep_code.CheckMagicPREPByteCode.test_prep_magic_code(): FAIL
bakery_lint.tests.downstream.test_check_license_included.CheckLicenseIncluded.test_license_included_in_font_names(): OK
bakery_lint.tests.downstream.test_check_italic_angle_agreement.CheckItalicAngleAgreement.test_check_italic_angle_agreement(): OK
bakery_lint.tests.downstream.test_check_hmtx_hhea_max_advance_width_agreement.CheckHmtxHheaMaxAdvanceWidthAgreement.test_check_hmtx_hhea_max_advance_width_agreement(): OK
bakery_lint.tests.downstream.test_check_glyph_existence.CheckGlyphExistence.test_euro(): OK
bakery_lint.tests.downstream.test_check_glyph_existence.CheckGlyphExistence.test_nbsp(): OK
bakery_lint.tests.downstream.test_check_glyph_existence.CheckGlyphExistence.test_space(): OK
bakery_lint.tests.downstream.test_check_glyf_table_length.CheckGlyfTableLength.test_check_glyf_table_length(): FAIL
bakery_lint.tests.downstream.test_check_full_font_name_begins_with_family_name.CheckFullFontNameBeginsWithFamilyName.test_check_full_font_name_begins_with_family_name(): OK
bakery_lint.tests.downstream.test_check_fontname_matches_macstyle.CheckFontNameEqualToMacStyleFlags.test_fontname_is_equal_to_macstyle(): FAIL
bakery_lint.tests.downstream.test_check_font_tables.CheckFontHasDsigTable.test_check_font_has_dsig_table(): FAIL
$ fontbakery-fix-dsig.py /home/travis/build/fontdirectory/noticiatext/builds/build/NoticiaText-Regular.ttf
$ mv /home/travis/build/fontdirectory/noticiatext/builds/build/NoticiaText-Regular.ttf.fix /home/travis/build/fontdirectory/noticiatext/builds/build/NoticiaText-Regular.ttf
bakery_lint.tests.downstream.test_check_font_tables.CheckFontHasDsigTable.test_check_font_has_dsig_table(): OK
bakery_lint.tests.downstream.test_check_font_tables.CheckFontHasNotKernTable.test_no_kern_table_exists(): OK
bakery_lint.tests.downstream.test_check_font_agreements.CheckFsTypeIsNotSet.test_is_fstype_not_set(): OK
$ fontbakery-fix-fstype.py --autofix /home/travis/build/fontdirectory/noticiatext/builds/build/NoticiaText-Regular.ttf
$ mv /home/travis/build/fontdirectory/noticiatext/builds/build/NoticiaText-Regular.ttf.fix /home/travis/build/fontdirectory/noticiatext/builds/build/NoticiaText-Regular.ttf
bakery_lint.tests.downstream.test_check_font_agreements.CheckFontAgreements.test_em_is_1000(): FAIL
bakery_lint.tests.downstream.test_check_font_agreements.CheckFontAgreements.test_font_is_font(): OK
bakery_lint.tests.downstream.test_check_font_agreements.CheckFontAgreements.test_latin_file_exists(): FAIL
bakery_lint.tests.downstream.test_check_font_agreements.CheckFontAgreements.test_menu_file_exists(): FAIL
### Optimize TTF NoticiaText-Regular.ttf
$ ls -l 'NoticiaText-Regular.ttf'* # look at the size savings of that subset process
NoticiaText-Regular.ttf.opt: 113872 bytes
NoticiaText-Regular.ttf: 121320 bytes
$ mv /home/travis/build/fontdirectory/noticiatext/builds/build/NoticiaText-Regular.ttf.opt /home/travis/build/fontdirectory/noticiatext/builds/build/NoticiaText-Regular.ttf
### Autohint TTFs (ttfautohint) NoticiaText-Regular.ttf
$ ttfautohint -l 7 -r 28 -G 50 -x 13 -w "G" /home/travis/build/fontdirectory/noticiatext/builds/build/NoticiaText-Regular.ttf '/home/travis/build/fontdirectory/noticiatext/builds/build/NoticiaText-Regular.autohint.ttf'

$ ls -l /home/travis/build/fontdirectory/noticiatext/builds/build/NoticiaText-Regular.*ttf # look at the size savings of that subset process
/home/travis/build/fontdirectory/noticiatext/builds/build/NoticiaText-Regular.ttf: 113872 bytes
/home/travis/build/fontdirectory/noticiatext/builds/build/NoticiaText-Regular.autohint.ttf: 85792 bytes
$ mv /home/travis/build/fontdirectory/noticiatext/builds/build/NoticiaText-Regular.autohint.ttf /home/travis/build/fontdirectory/noticiatext/builds/build/NoticiaText-Regular.ttf
### Subset TTFs (pyftsubset) NoticiaText-Regular.ttf
$ pyftsubset NoticiaText-Regular.latin
$ pyftsubset NoticiaText-Regular.menu
strippedname:/home/travis/build/fontdirectory/noticiatext/builds/build/NoticiaText-Regular.ttf
### Test NoticiaText-Italic.ttf
$ fontbakery-check.py result NoticiaText-Italic.ttf
bakery_lint.tests.downstream.test_names_are_ascii_only.CheckNamesAreASCIIOnly.test_check_names_are_ascii_only(): OK
bakery_lint.tests.downstream.test_gpos_table_has_kerning_info.CheckGposTableHasKerningInfo.test_gpos_table_has_kerning_info(): FAIL
bakery_lint.tests.downstream.test_gasp_table_value.CheckGaspTableType.test_check_gasp_table_type(): OK
$ fontbakery-fix-gasp.py --set=15 /home/travis/build/fontdirectory/noticiatext/builds/build/NoticiaText-Italic.ttf
$ mv /home/travis/build/fontdirectory/noticiatext/builds/build/NoticiaText-Italic.ttf.fix /home/travis/build/fontdirectory/noticiatext/builds/build/NoticiaText-Italic.ttf
The following table(s) in the font have been ignored by FontForge
  Ignoring 'VDMX' vertical device metrics table
bakery_lint.tests.downstream.test_fontforge_validation_state.FontForgeValidateStateTest.test_allowed_numbers_paths_in_composite_glyphs(): OK
bakery_lint.tests.downstream.test_fontforge_validation_state.FontForgeValidateStateTest.test_allowed_numbers_paths_in_glyphs(): OK
bakery_lint.tests.downstream.test_fontforge_validation_state.FontForgeValidateStateTest.test_allowed_numbers_points_in_composite_glyphs(): OK
bakery_lint.tests.downstream.test_fontforge_validation_state.FontForgeValidateStateTest.test_allowed_numbers_points_in_glyphs(): OK
bakery_lint.tests.downstream.test_fontforge_validation_state.FontForgeValidateStateTest.test_duplicate_glyphs(): OK
bakery_lint.tests.downstream.test_fontforge_validation_state.FontForgeValidateStateTest.test_duplicate_unicode_codepoints(): OK
bakery_lint.tests.downstream.test_fontforge_validation_state.FontForgeValidateStateTest.test_flipped_reference_in_glyphs(): OK
bakery_lint.tests.downstream.test_fontforge_validation_state.FontForgeValidateStateTest.test_missing_anchors(): OK
bakery_lint.tests.downstream.test_fontforge_validation_state.FontForgeValidateStateTest.test_missing_extrema_in_glyphs(): FAIL
bakery_lint.tests.downstream.test_fontforge_validation_state.FontForgeValidateStateTest.test_overlapped_hints(): OK
bakery_lint.tests.downstream.test_fontforge_validation_state.FontForgeValidateStateTest.test_points_are_integer_aligned(): OK
bakery_lint.tests.downstream.test_fontforge_validation_state.FontForgeValidateStateTest.test_points_are_not_too_far_apart(): OK
bakery_lint.tests.downstream.test_fontforge_validation_state.FontForgeValidateStateTest.test_postscript_hasnt_limit_hints_in_glyphs(): OK
bakery_lint.tests.downstream.test_fontforge_validation_state.FontForgeValidateStateTest.test_postscript_hasnt_limit_points_in_glyphs(): OK
bakery_lint.tests.downstream.test_fontforge_validation_state.FontForgeValidateStateTest.test_referenced_glyphs_are_present(): OK
bakery_lint.tests.downstream.test_fontforge_validation_state.FontForgeValidateStateTest.test_valid_glyph_names(): OK
bakery_lint.tests.downstream.test_fontforge_validation_state.FontForgeValidateStateTest.test_valid_length_instructions(): OK
bakery_lint.tests.downstream.test_fontforge_validation_state.FontForgeValidateStateTest.test_validation_glyph_intersect(): FAIL
bakery_lint.tests.downstream.test_fontforge_validation_state.FontForgeValidateStateTest.test_validation_open_contours(): OK
bakery_lint.tests.downstream.test_fontforge_validation_state.FontForgeValidateStateTest.test_wrong_direction_in_glyphs(): OK
bakery_lint.tests.downstream.test_check_vertical_metrics.CheckVerticalLinegapMetrics.test_metrics_linegaps_are_zero(): OK
bakery_lint.tests.downstream.test_check_vertical_metrics.CheckVerticalAscentMetrics.test_metrics_ascents_equal_bbox(): OK
bakery_lint.tests.downstream.test_check_vertical_metrics.CheckVerticalDescentMetrics.test_metrics_descents_equal_bbox(): OK
bakery_lint.tests.downstream.test_check_upm_heights_less_120.TestCheckUPMHeightsLess120.test_check_upm_heigths_less_120(): FAIL
bakery_lint.tests.downstream.test_check_unused_glyph_data.CheckUnusedGlyphData.test_check_unused_glyph_data(): ERROR
bakery_lint.tests.downstream.test_check_unencoded_glyph.TestFontUnencodedGlyph.test_font_unencoded_glyphs(): FAIL
$ fontbakery-fix-glyph-private-encoding.py --autofix /home/travis/build/fontdirectory/noticiatext/builds/build/NoticiaText-Italic.ttf
$ mv /home/travis/build/fontdirectory/noticiatext/builds/build/NoticiaText-Italic.ttf.fix /home/travis/build/fontdirectory/noticiatext/builds/build/NoticiaText-Italic.ttf
bakery_lint.tests.downstream.test_check_unencoded_glyph.TestFontUnencodedGlyph.test_font_unencoded_glyphs(): FAIL
bakery_lint.tests.downstream.test_check_panose_identification.CheckPanoseIdentification.test_check_panose_identification(): OK
bakery_lint.tests.downstream.test_check_os2_width_class.CheckOS2WidthClass.test_check_os2_width_class(): OK
bakery_lint.tests.downstream.test_check_no_problematic_formats.CheckNoProblematicFormats.test_check_no_problematic_formats(): OK
bakery_lint.tests.downstream.test_check_nbsp_width_matches_sp_width.CheckNbspWidthMatchesSpWidth.test_check_nbsp_width_matches_sp_width(): OK
bakery_lint.tests.downstream.test_check_names_same_across_platforms.CheckNamesSameAcrossPlatforms.test_check_names_same_across_platforms(): OK
bakery_lint.tests.downstream.test_check_name_table_recommendation.CheckStyleNameRecommendation.test_check_stylename_is_under_recommendations(): OK
bakery_lint.tests.downstream.test_check_name_table_recommendation.CheckOTFamilyNameRecommendation.test_check_opentype_familyname(): FAIL
$ fontbakery-fix-opentype-names.py /home/travis/build/fontdirectory/noticiatext/builds/build/NoticiaText-Italic.ttf
$ mv /home/travis/build/fontdirectory/noticiatext/builds/build/NoticiaText-Italic.ttf.fix /home/travis/build/fontdirectory/noticiatext/builds/build/NoticiaText-Italic.ttf
bakery_lint.tests.downstream.test_check_name_table_recommendation.CheckOTFamilyNameRecommendation.test_check_opentype_familyname(): OK
bakery_lint.tests.downstream.test_check_name_table_recommendation.CheckOTStyleNameRecommendation.test_check_opentype_stylename(): FAIL
$ fontbakery-fix-opentype-names.py /home/travis/build/fontdirectory/noticiatext/builds/build/NoticiaText-Italic.ttf
$ mv /home/travis/build/fontdirectory/noticiatext/builds/build/NoticiaText-Italic.ttf.fix /home/travis/build/fontdirectory/noticiatext/builds/build/NoticiaText-Italic.ttf
bakery_lint.tests.downstream.test_check_name_table_recommendation.CheckOTStyleNameRecommendation.test_check_opentype_stylename(): FAIL
bakery_lint.tests.downstream.test_check_name_table_recommendation.CheckOTFullNameRecommendation.test_check_opentype_fullname(): OK
bakery_lint.tests.downstream.test_check_magic_prep_code.CheckMagicPREPByteCode.test_prep_magic_code(): FAIL
bakery_lint.tests.downstream.test_check_license_included.CheckLicenseIncluded.test_license_included_in_font_names(): OK
bakery_lint.tests.downstream.test_check_italic_angle_agreement.CheckItalicAngleAgreement.test_check_italic_angle_agreement(): OK
bakery_lint.tests.downstream.test_check_hmtx_hhea_max_advance_width_agreement.CheckHmtxHheaMaxAdvanceWidthAgreement.test_check_hmtx_hhea_max_advance_width_agreement(): OK
bakery_lint.tests.downstream.test_check_glyph_existence.CheckGlyphExistence.test_euro(): OK
bakery_lint.tests.downstream.test_check_glyph_existence.CheckGlyphExistence.test_nbsp(): OK
bakery_lint.tests.downstream.test_check_glyph_existence.CheckGlyphExistence.test_space(): OK
bakery_lint.tests.downstream.test_check_glyf_table_length.CheckGlyfTableLength.test_check_glyf_table_length(): FAIL
bakery_lint.tests.downstream.test_check_full_font_name_begins_with_family_name.CheckFullFontNameBeginsWithFamilyName.test_check_full_font_name_begins_with_family_name(): OK
bakery_lint.tests.downstream.test_check_fontname_matches_macstyle.CheckFontNameEqualToMacStyleFlags.test_fontname_is_equal_to_macstyle(): FAIL
bakery_lint.tests.downstream.test_check_font_tables.CheckFontHasDsigTable.test_check_font_has_dsig_table(): FAIL
$ fontbakery-fix-dsig.py /home/travis/build/fontdirectory/noticiatext/builds/build/NoticiaText-Italic.ttf
$ mv /home/travis/build/fontdirectory/noticiatext/builds/build/NoticiaText-Italic.ttf.fix /home/travis/build/fontdirectory/noticiatext/builds/build/NoticiaText-Italic.ttf
bakery_lint.tests.downstream.test_check_font_tables.CheckFontHasDsigTable.test_check_font_has_dsig_table(): OK
bakery_lint.tests.downstream.test_check_font_tables.CheckFontHasNotKernTable.test_no_kern_table_exists(): OK
bakery_lint.tests.downstream.test_check_font_agreements.CheckFsTypeIsNotSet.test_is_fstype_not_set(): OK
$ fontbakery-fix-fstype.py --autofix /home/travis/build/fontdirectory/noticiatext/builds/build/NoticiaText-Italic.ttf
$ mv /home/travis/build/fontdirectory/noticiatext/builds/build/NoticiaText-Italic.ttf.fix /home/travis/build/fontdirectory/noticiatext/builds/build/NoticiaText-Italic.ttf
bakery_lint.tests.downstream.test_check_font_agreements.CheckFontAgreements.test_em_is_1000(): FAIL
bakery_lint.tests.downstream.test_check_font_agreements.CheckFontAgreements.test_font_is_font(): OK
bakery_lint.tests.downstream.test_check_font_agreements.CheckFontAgreements.test_latin_file_exists(): FAIL
bakery_lint.tests.downstream.test_check_font_agreements.CheckFontAgreements.test_menu_file_exists(): FAIL
### Optimize TTF NoticiaText-Italic.ttf
$ ls -l 'NoticiaText-Italic.ttf'* # look at the size savings of that subset process
NoticiaText-Italic.ttf.opt: 86748 bytes
NoticiaText-Italic.ttf: 93508 bytes
$ mv /home/travis/build/fontdirectory/noticiatext/builds/build/NoticiaText-Italic.ttf.opt /home/travis/build/fontdirectory/noticiatext/builds/build/NoticiaText-Italic.ttf
### Autohint TTFs (ttfautohint) NoticiaText-Italic.ttf
$ ttfautohint -l 7 -r 28 -G 50 -x 13 -w "G" /home/travis/build/fontdirectory/noticiatext/builds/build/NoticiaText-Italic.ttf '/home/travis/build/fontdirectory/noticiatext/builds/build/NoticiaText-Italic.autohint.ttf'

$ ls -l /home/travis/build/fontdirectory/noticiatext/builds/build/NoticiaText-Italic.*ttf # look at the size savings of that subset process
/home/travis/build/fontdirectory/noticiatext/builds/build/NoticiaText-Italic.ttf: 86748 bytes
/home/travis/build/fontdirectory/noticiatext/builds/build/NoticiaText-Italic.autohint.ttf: 84684 bytes
$ mv /home/travis/build/fontdirectory/noticiatext/builds/build/NoticiaText-Italic.autohint.ttf /home/travis/build/fontdirectory/noticiatext/builds/build/NoticiaText-Italic.ttf
### Subset TTFs (pyftsubset) NoticiaText-Italic.ttf
$ pyftsubset NoticiaText-Italic.latin
$ pyftsubset NoticiaText-Italic.menu
strippedname:/home/travis/build/fontdirectory/noticiatext/builds/build/NoticiaText-Italic.ttf
### Test NoticiaText-BoldItalic.ttf
$ fontbakery-check.py result NoticiaText-BoldItalic.ttf
bakery_lint.tests.downstream.test_names_are_ascii_only.CheckNamesAreASCIIOnly.test_check_names_are_ascii_only(): OK
bakery_lint.tests.downstream.test_gpos_table_has_kerning_info.CheckGposTableHasKerningInfo.test_gpos_table_has_kerning_info(): FAIL
bakery_lint.tests.downstream.test_gasp_table_value.CheckGaspTableType.test_check_gasp_table_type(): OK
$ fontbakery-fix-gasp.py --set=15 /home/travis/build/fontdirectory/noticiatext/builds/build/NoticiaText-BoldItalic.ttf
$ mv /home/travis/build/fontdirectory/noticiatext/builds/build/NoticiaText-BoldItalic.ttf.fix /home/travis/build/fontdirectory/noticiatext/builds/build/NoticiaText-BoldItalic.ttf
The following table(s) in the font have been ignored by FontForge
  Ignoring 'VDMX' vertical device metrics table
bakery_lint.tests.downstream.test_fontforge_validation_state.FontForgeValidateStateTest.test_allowed_numbers_paths_in_composite_glyphs(): OK
bakery_lint.tests.downstream.test_fontforge_validation_state.FontForgeValidateStateTest.test_allowed_numbers_paths_in_glyphs(): OK
bakery_lint.tests.downstream.test_fontforge_validation_state.FontForgeValidateStateTest.test_allowed_numbers_points_in_composite_glyphs(): OK
bakery_lint.tests.downstream.test_fontforge_validation_state.FontForgeValidateStateTest.test_allowed_numbers_points_in_glyphs(): OK
bakery_lint.tests.downstream.test_fontforge_validation_state.FontForgeValidateStateTest.test_duplicate_glyphs(): OK
bakery_lint.tests.downstream.test_fontforge_validation_state.FontForgeValidateStateTest.test_duplicate_unicode_codepoints(): OK
bakery_lint.tests.downstream.test_fontforge_validation_state.FontForgeValidateStateTest.test_flipped_reference_in_glyphs(): OK
bakery_lint.tests.downstream.test_fontforge_validation_state.FontForgeValidateStateTest.test_missing_anchors(): OK
bakery_lint.tests.downstream.test_fontforge_validation_state.FontForgeValidateStateTest.test_missing_extrema_in_glyphs(): FAIL
bakery_lint.tests.downstream.test_fontforge_validation_state.FontForgeValidateStateTest.test_overlapped_hints(): OK
bakery_lint.tests.downstream.test_fontforge_validation_state.FontForgeValidateStateTest.test_points_are_integer_aligned(): OK
bakery_lint.tests.downstream.test_fontforge_validation_state.FontForgeValidateStateTest.test_points_are_not_too_far_apart(): OK
bakery_lint.tests.downstream.test_fontforge_validation_state.FontForgeValidateStateTest.test_postscript_hasnt_limit_hints_in_glyphs(): OK
bakery_lint.tests.downstream.test_fontforge_validation_state.FontForgeValidateStateTest.test_postscript_hasnt_limit_points_in_glyphs(): OK
bakery_lint.tests.downstream.test_fontforge_validation_state.FontForgeValidateStateTest.test_referenced_glyphs_are_present(): OK
bakery_lint.tests.downstream.test_fontforge_validation_state.FontForgeValidateStateTest.test_valid_glyph_names(): OK
bakery_lint.tests.downstream.test_fontforge_validation_state.FontForgeValidateStateTest.test_valid_length_instructions(): OK
bakery_lint.tests.downstream.test_fontforge_validation_state.FontForgeValidateStateTest.test_validation_glyph_intersect(): FAIL
bakery_lint.tests.downstream.test_fontforge_validation_state.FontForgeValidateStateTest.test_validation_open_contours(): OK
bakery_lint.tests.downstream.test_fontforge_validation_state.FontForgeValidateStateTest.test_wrong_direction_in_glyphs(): OK
bakery_lint.tests.downstream.test_check_vertical_metrics.CheckVerticalLinegapMetrics.test_metrics_linegaps_are_zero(): OK
bakery_lint.tests.downstream.test_check_vertical_metrics.CheckVerticalAscentMetrics.test_metrics_ascents_equal_bbox(): OK
bakery_lint.tests.downstream.test_check_vertical_metrics.CheckVerticalDescentMetrics.test_metrics_descents_equal_bbox(): OK
bakery_lint.tests.downstream.test_check_upm_heights_less_120.TestCheckUPMHeightsLess120.test_check_upm_heigths_less_120(): FAIL
bakery_lint.tests.downstream.test_check_unused_glyph_data.CheckUnusedGlyphData.test_check_unused_glyph_data(): ERROR
bakery_lint.tests.downstream.test_check_unencoded_glyph.TestFontUnencodedGlyph.test_font_unencoded_glyphs(): FAIL
$ fontbakery-fix-glyph-private-encoding.py --autofix /home/travis/build/fontdirectory/noticiatext/builds/build/NoticiaText-BoldItalic.ttf
$ mv /home/travis/build/fontdirectory/noticiatext/builds/build/NoticiaText-BoldItalic.ttf.fix /home/travis/build/fontdirectory/noticiatext/builds/build/NoticiaText-BoldItalic.ttf
bakery_lint.tests.downstream.test_check_unencoded_glyph.TestFontUnencodedGlyph.test_font_unencoded_glyphs(): FAIL
bakery_lint.tests.downstream.test_check_panose_identification.CheckPanoseIdentification.test_check_panose_identification(): OK
bakery_lint.tests.downstream.test_check_os2_width_class.CheckOS2WidthClass.test_check_os2_width_class(): OK
bakery_lint.tests.downstream.test_check_no_problematic_formats.CheckNoProblematicFormats.test_check_no_problematic_formats(): OK
bakery_lint.tests.downstream.test_check_nbsp_width_matches_sp_width.CheckNbspWidthMatchesSpWidth.test_check_nbsp_width_matches_sp_width(): OK
bakery_lint.tests.downstream.test_check_names_same_across_platforms.CheckNamesSameAcrossPlatforms.test_check_names_same_across_platforms(): OK
bakery_lint.tests.downstream.test_check_name_table_recommendation.CheckStyleNameRecommendation.test_check_stylename_is_under_recommendations(): OK
bakery_lint.tests.downstream.test_check_name_table_recommendation.CheckOTFamilyNameRecommendation.test_check_opentype_familyname(): FAIL
$ fontbakery-fix-opentype-names.py /home/travis/build/fontdirectory/noticiatext/builds/build/NoticiaText-BoldItalic.ttf
$ mv /home/travis/build/fontdirectory/noticiatext/builds/build/NoticiaText-BoldItalic.ttf.fix /home/travis/build/fontdirectory/noticiatext/builds/build/NoticiaText-BoldItalic.ttf
bakery_lint.tests.downstream.test_check_name_table_recommendation.CheckOTFamilyNameRecommendation.test_check_opentype_familyname(): OK
bakery_lint.tests.downstream.test_check_name_table_recommendation.CheckOTStyleNameRecommendation.test_check_opentype_stylename(): OK
bakery_lint.tests.downstream.test_check_name_table_recommendation.CheckOTFullNameRecommendation.test_check_opentype_fullname(): OK
bakery_lint.tests.downstream.test_check_magic_prep_code.CheckMagicPREPByteCode.test_prep_magic_code(): FAIL
bakery_lint.tests.downstream.test_check_license_included.CheckLicenseIncluded.test_license_included_in_font_names(): OK
bakery_lint.tests.downstream.test_check_italic_angle_agreement.CheckItalicAngleAgreement.test_check_italic_angle_agreement(): OK
bakery_lint.tests.downstream.test_check_hmtx_hhea_max_advance_width_agreement.CheckHmtxHheaMaxAdvanceWidthAgreement.test_check_hmtx_hhea_max_advance_width_agreement(): OK
bakery_lint.tests.downstream.test_check_glyph_existence.CheckGlyphExistence.test_euro(): OK
bakery_lint.tests.downstream.test_check_glyph_existence.CheckGlyphExistence.test_nbsp(): OK
bakery_lint.tests.downstream.test_check_glyph_existence.CheckGlyphExistence.test_space(): OK
bakery_lint.tests.downstream.test_check_glyf_table_length.CheckGlyfTableLength.test_check_glyf_table_length(): FAIL
bakery_lint.tests.downstream.test_check_full_font_name_begins_with_family_name.CheckFullFontNameBeginsWithFamilyName.test_check_full_font_name_begins_with_family_name(): OK
bakery_lint.tests.downstream.test_check_fontname_matches_macstyle.CheckFontNameEqualToMacStyleFlags.test_fontname_is_equal_to_macstyle(): FAIL
bakery_lint.tests.downstream.test_check_font_tables.CheckFontHasDsigTable.test_check_font_has_dsig_table(): FAIL
$ fontbakery-fix-dsig.py /home/travis/build/fontdirectory/noticiatext/builds/build/NoticiaText-BoldItalic.ttf
$ mv /home/travis/build/fontdirectory/noticiatext/builds/build/NoticiaText-BoldItalic.ttf.fix /home/travis/build/fontdirectory/noticiatext/builds/build/NoticiaText-BoldItalic.ttf
bakery_lint.tests.downstream.test_check_font_tables.CheckFontHasDsigTable.test_check_font_has_dsig_table(): OK
bakery_lint.tests.downstream.test_check_font_tables.CheckFontHasNotKernTable.test_no_kern_table_exists(): OK
bakery_lint.tests.downstream.test_check_font_agreements.CheckFsTypeIsNotSet.test_is_fstype_not_set(): OK
$ fontbakery-fix-fstype.py --autofix /home/travis/build/fontdirectory/noticiatext/builds/build/NoticiaText-BoldItalic.ttf
$ mv /home/travis/build/fontdirectory/noticiatext/builds/build/NoticiaText-BoldItalic.ttf.fix /home/travis/build/fontdirectory/noticiatext/builds/build/NoticiaText-BoldItalic.ttf
bakery_lint.tests.downstream.test_check_font_agreements.CheckFontAgreements.test_em_is_1000(): FAIL
bakery_lint.tests.downstream.test_check_font_agreements.CheckFontAgreements.test_font_is_font(): OK
bakery_lint.tests.downstream.test_check_font_agreements.CheckFontAgreements.test_latin_file_exists(): FAIL
bakery_lint.tests.downstream.test_check_font_agreements.CheckFontAgreements.test_menu_file_exists(): FAIL
### Optimize TTF NoticiaText-BoldItalic.ttf
$ ls -l 'NoticiaText-BoldItalic.ttf'* # look at the size savings of that subset process
NoticiaText-BoldItalic.ttf.opt: 85308 bytes
NoticiaText-BoldItalic.ttf: 92092 bytes
$ mv /home/travis/build/fontdirectory/noticiatext/builds/build/NoticiaText-BoldItalic.ttf.opt /home/travis/build/fontdirectory/noticiatext/builds/build/NoticiaText-BoldItalic.ttf
### Autohint TTFs (ttfautohint) NoticiaText-BoldItalic.ttf
$ ttfautohint -l 7 -r 28 -G 50 -x 13 -w "G" /home/travis/build/fontdirectory/noticiatext/builds/build/NoticiaText-BoldItalic.ttf '/home/travis/build/fontdirectory/noticiatext/builds/build/NoticiaText-BoldItalic.autohint.ttf'

$ ls -l /home/travis/build/fontdirectory/noticiatext/builds/build/NoticiaText-BoldItalic.*ttf # look at the size savings of that subset process
/home/travis/build/fontdirectory/noticiatext/builds/build/NoticiaText-BoldItalic.ttf: 85308 bytes
/home/travis/build/fontdirectory/noticiatext/builds/build/NoticiaText-BoldItalic.autohint.ttf: 85800 bytes
$ mv /home/travis/build/fontdirectory/noticiatext/builds/build/NoticiaText-BoldItalic.autohint.ttf /home/travis/build/fontdirectory/noticiatext/builds/build/NoticiaText-BoldItalic.ttf
### Subset TTFs (pyftsubset) NoticiaText-BoldItalic.ttf
$ pyftsubset NoticiaText-BoldItalic.latin
$ pyftsubset NoticiaText-BoldItalic.menu
strippedname:/home/travis/build/fontdirectory/noticiatext/builds/build/NoticiaText-BoldItalic.ttf
### Test NoticiaText-Bold.ttf
$ fontbakery-check.py result NoticiaText-Bold.ttf
bakery_lint.tests.downstream.test_names_are_ascii_only.CheckNamesAreASCIIOnly.test_check_names_are_ascii_only(): OK
bakery_lint.tests.downstream.test_gpos_table_has_kerning_info.CheckGposTableHasKerningInfo.test_gpos_table_has_kerning_info(): OK
bakery_lint.tests.downstream.test_gasp_table_value.CheckGaspTableType.test_check_gasp_table_type(): OK
$ fontbakery-fix-gasp.py --set=15 /home/travis/build/fontdirectory/noticiatext/builds/build/NoticiaText-Bold.ttf
$ mv /home/travis/build/fontdirectory/noticiatext/builds/build/NoticiaText-Bold.ttf.fix /home/travis/build/fontdirectory/noticiatext/builds/build/NoticiaText-Bold.ttf
The following table(s) in the font have been ignored by FontForge
  Ignoring 'LTSH' linear threshold table
  Ignoring 'VDMX' vertical device metrics table
  Ignoring 'hdmx' horizontal device metrics table
bakery_lint.tests.downstream.test_fontforge_validation_state.FontForgeValidateStateTest.test_allowed_numbers_paths_in_composite_glyphs(): OK
bakery_lint.tests.downstream.test_fontforge_validation_state.FontForgeValidateStateTest.test_allowed_numbers_paths_in_glyphs(): OK
bakery_lint.tests.downstream.test_fontforge_validation_state.FontForgeValidateStateTest.test_allowed_numbers_points_in_composite_glyphs(): OK
bakery_lint.tests.downstream.test_fontforge_validation_state.FontForgeValidateStateTest.test_allowed_numbers_points_in_glyphs(): OK
bakery_lint.tests.downstream.test_fontforge_validation_state.FontForgeValidateStateTest.test_duplicate_glyphs(): OK
bakery_lint.tests.downstream.test_fontforge_validation_state.FontForgeValidateStateTest.test_duplicate_unicode_codepoints(): OK
bakery_lint.tests.downstream.test_fontforge_validation_state.FontForgeValidateStateTest.test_flipped_reference_in_glyphs(): OK
bakery_lint.tests.downstream.test_fontforge_validation_state.FontForgeValidateStateTest.test_missing_anchors(): OK
bakery_lint.tests.downstream.test_fontforge_validation_state.FontForgeValidateStateTest.test_missing_extrema_in_glyphs(): FAIL
bakery_lint.tests.downstream.test_fontforge_validation_state.FontForgeValidateStateTest.test_overlapped_hints(): OK
bakery_lint.tests.downstream.test_fontforge_validation_state.FontForgeValidateStateTest.test_points_are_integer_aligned(): OK
bakery_lint.tests.downstream.test_fontforge_validation_state.FontForgeValidateStateTest.test_points_are_not_too_far_apart(): OK
bakery_lint.tests.downstream.test_fontforge_validation_state.FontForgeValidateStateTest.test_postscript_hasnt_limit_hints_in_glyphs(): OK
bakery_lint.tests.downstream.test_fontforge_validation_state.FontForgeValidateStateTest.test_postscript_hasnt_limit_points_in_glyphs(): OK
bakery_lint.tests.downstream.test_fontforge_validation_state.FontForgeValidateStateTest.test_referenced_glyphs_are_present(): OK
bakery_lint.tests.downstream.test_fontforge_validation_state.FontForgeValidateStateTest.test_valid_glyph_names(): OK
bakery_lint.tests.downstream.test_fontforge_validation_state.FontForgeValidateStateTest.test_valid_length_instructions(): OK
bakery_lint.tests.downstream.test_fontforge_validation_state.FontForgeValidateStateTest.test_validation_glyph_intersect(): FAIL
bakery_lint.tests.downstream.test_fontforge_validation_state.FontForgeValidateStateTest.test_validation_open_contours(): OK
bakery_lint.tests.downstream.test_fontforge_validation_state.FontForgeValidateStateTest.test_wrong_direction_in_glyphs(): OK
bakery_lint.tests.downstream.test_check_vertical_metrics.CheckVerticalLinegapMetrics.test_metrics_linegaps_are_zero(): OK
bakery_lint.tests.downstream.test_check_vertical_metrics.CheckVerticalAscentMetrics.test_metrics_ascents_equal_bbox(): OK
bakery_lint.tests.downstream.test_check_vertical_metrics.CheckVerticalDescentMetrics.test_metrics_descents_equal_bbox(): OK
bakery_lint.tests.downstream.test_check_upm_heights_less_120.TestCheckUPMHeightsLess120.test_check_upm_heigths_less_120(): FAIL
bakery_lint.tests.downstream.test_check_unused_glyph_data.CheckUnusedGlyphData.test_check_unused_glyph_data(): ERROR
bakery_lint.tests.downstream.test_check_unencoded_glyph.TestFontUnencodedGlyph.test_font_unencoded_glyphs(): FAIL
$ fontbakery-fix-glyph-private-encoding.py --autofix /home/travis/build/fontdirectory/noticiatext/builds/build/NoticiaText-Bold.ttf
$ mv /home/travis/build/fontdirectory/noticiatext/builds/build/NoticiaText-Bold.ttf.fix /home/travis/build/fontdirectory/noticiatext/builds/build/NoticiaText-Bold.ttf
bakery_lint.tests.downstream.test_check_unencoded_glyph.TestFontUnencodedGlyph.test_font_unencoded_glyphs(): FAIL
bakery_lint.tests.downstream.test_check_panose_identification.CheckPanoseIdentification.test_check_panose_identification(): OK
bakery_lint.tests.downstream.test_check_os2_width_class.CheckOS2WidthClass.test_check_os2_width_class(): OK
bakery_lint.tests.downstream.test_check_no_problematic_formats.CheckNoProblematicFormats.test_check_no_problematic_formats(): OK
bakery_lint.tests.downstream.test_check_nbsp_width_matches_sp_width.CheckNbspWidthMatchesSpWidth.test_check_nbsp_width_matches_sp_width(): OK
bakery_lint.tests.downstream.test_check_names_same_across_platforms.CheckNamesSameAcrossPlatforms.test_check_names_same_across_platforms(): OK
bakery_lint.tests.downstream.test_check_name_table_recommendation.CheckStyleNameRecommendation.test_check_stylename_is_under_recommendations(): OK
bakery_lint.tests.downstream.test_check_name_table_recommendation.CheckOTFamilyNameRecommendation.test_check_opentype_familyname(): FAIL
$ fontbakery-fix-opentype-names.py /home/travis/build/fontdirectory/noticiatext/builds/build/NoticiaText-Bold.ttf
$ mv /home/travis/build/fontdirectory/noticiatext/builds/build/NoticiaText-Bold.ttf.fix /home/travis/build/fontdirectory/noticiatext/builds/build/NoticiaText-Bold.ttf
bakery_lint.tests.downstream.test_check_name_table_recommendation.CheckOTFamilyNameRecommendation.test_check_opentype_familyname(): OK
bakery_lint.tests.downstream.test_check_name_table_recommendation.CheckOTStyleNameRecommendation.test_check_opentype_stylename(): OK
bakery_lint.tests.downstream.test_check_name_table_recommendation.CheckOTFullNameRecommendation.test_check_opentype_fullname(): OK
bakery_lint.tests.downstream.test_check_magic_prep_code.CheckMagicPREPByteCode.test_prep_magic_code(): FAIL
bakery_lint.tests.downstream.test_check_license_included.CheckLicenseIncluded.test_license_included_in_font_names(): OK
bakery_lint.tests.downstream.test_check_italic_angle_agreement.CheckItalicAngleAgreement.test_check_italic_angle_agreement(): OK
bakery_lint.tests.downstream.test_check_hmtx_hhea_max_advance_width_agreement.CheckHmtxHheaMaxAdvanceWidthAgreement.test_check_hmtx_hhea_max_advance_width_agreement(): OK
bakery_lint.tests.downstream.test_check_glyph_existence.CheckGlyphExistence.test_euro(): OK
bakery_lint.tests.downstream.test_check_glyph_existence.CheckGlyphExistence.test_nbsp(): OK
bakery_lint.tests.downstream.test_check_glyph_existence.CheckGlyphExistence.test_space(): OK
bakery_lint.tests.downstream.test_check_glyf_table_length.CheckGlyfTableLength.test_check_glyf_table_length(): FAIL
bakery_lint.tests.downstream.test_check_full_font_name_begins_with_family_name.CheckFullFontNameBeginsWithFamilyName.test_check_full_font_name_begins_with_family_name(): OK
bakery_lint.tests.downstream.test_check_fontname_matches_macstyle.CheckFontNameEqualToMacStyleFlags.test_fontname_is_equal_to_macstyle(): FAIL
bakery_lint.tests.downstream.test_check_font_tables.CheckFontHasDsigTable.test_check_font_has_dsig_table(): FAIL
$ fontbakery-fix-dsig.py /home/travis/build/fontdirectory/noticiatext/builds/build/NoticiaText-Bold.ttf
$ mv /home/travis/build/fontdirectory/noticiatext/builds/build/NoticiaText-Bold.ttf.fix /home/travis/build/fontdirectory/noticiatext/builds/build/NoticiaText-Bold.ttf
bakery_lint.tests.downstream.test_check_font_tables.CheckFontHasDsigTable.test_check_font_has_dsig_table(): OK
bakery_lint.tests.downstream.test_check_font_tables.CheckFontHasNotKernTable.test_no_kern_table_exists(): OK
bakery_lint.tests.downstream.test_check_font_agreements.CheckFsTypeIsNotSet.test_is_fstype_not_set(): OK
$ fontbakery-fix-fstype.py --autofix /home/travis/build/fontdirectory/noticiatext/builds/build/NoticiaText-Bold.ttf
$ mv /home/travis/build/fontdirectory/noticiatext/builds/build/NoticiaText-Bold.ttf.fix /home/travis/build/fontdirectory/noticiatext/builds/build/NoticiaText-Bold.ttf
bakery_lint.tests.downstream.test_check_font_agreements.CheckFontAgreements.test_em_is_1000(): FAIL
bakery_lint.tests.downstream.test_check_font_agreements.CheckFontAgreements.test_font_is_font(): OK
bakery_lint.tests.downstream.test_check_font_agreements.CheckFontAgreements.test_latin_file_exists(): FAIL
bakery_lint.tests.downstream.test_check_font_agreements.CheckFontAgreements.test_menu_file_exists(): FAIL
### Optimize TTF NoticiaText-Bold.ttf
$ ls -l 'NoticiaText-Bold.ttf'* # look at the size savings of that subset process
NoticiaText-Bold.ttf.opt: 111804 bytes
NoticiaText-Bold.ttf: 119260 bytes
$ mv /home/travis/build/fontdirectory/noticiatext/builds/build/NoticiaText-Bold.ttf.opt /home/travis/build/fontdirectory/noticiatext/builds/build/NoticiaText-Bold.ttf
### Autohint TTFs (ttfautohint) NoticiaText-Bold.ttf
$ ttfautohint -l 7 -r 28 -G 50 -x 13 -w "G" /home/travis/build/fontdirectory/noticiatext/builds/build/NoticiaText-Bold.ttf '/home/travis/build/fontdirectory/noticiatext/builds/build/NoticiaText-Bold.autohint.ttf'

$ ls -l /home/travis/build/fontdirectory/noticiatext/builds/build/NoticiaText-Bold.*ttf # look at the size savings of that subset process
/home/travis/build/fontdirectory/noticiatext/builds/build/NoticiaText-Bold.ttf: 111804 bytes
/home/travis/build/fontdirectory/noticiatext/builds/build/NoticiaText-Bold.autohint.ttf: 84436 bytes
$ mv /home/travis/build/fontdirectory/noticiatext/builds/build/NoticiaText-Bold.autohint.ttf /home/travis/build/fontdirectory/noticiatext/builds/build/NoticiaText-Bold.ttf
### Subset TTFs (pyftsubset) NoticiaText-Bold.ttf
$ pyftsubset NoticiaText-Bold.latin
$ pyftsubset NoticiaText-Bold.menu
strippedname:/home/travis/build/fontdirectory/noticiatext/builds/build/NoticiaText-Bold.ttf
### (5 of 6) Generate METADATA.json (fontbakery-build-metadata.py)
$ fontbakery-build-metadata.py /home/travis/build/fontdirectory/noticiatext/builds/build
{} exists
Designer's name from font is: JM Sole
Original size: 85792\nGzip size: 44543
Family Name: Noticia Text
PS Name: NoticiaText-Bold
Full Name: Noticia Text Bold
Style: normal
Weight: 700
Filename: NoticiaText-Bold.ttf
Copyright: Copyright (c) 2011 JM Sole (info@jmsole.cl), with Reserved Font Name "Noticia Text".
Family Name: Noticia Text
PS Name: NoticiaText-BoldItalic
Full Name: Noticia Text Bold Italic
Style: italic
Weight: 700
Filename: NoticiaText-BoldItalic.ttf
Copyright: Copyright (c) 2011 JM Sole (info@jmsole.cl), with Reserved Font Name "Noticia Text".
Family Name: Noticia Text
PS Name: NoticiaText-Italic
Full Name: Noticia Text Italic
Style: italic
Weight: 400
Filename: NoticiaText-Italic.ttf
Copyright: Copyright (c) 2011 JM Sole (info@jmsole.cl), with Reserved Font Name "Noticia Text".
Family Name: Noticia Text
PS Name: NoticiaText-Regular
Full Name: Noticia Text
Style: normal
Weight: 400
Filename: NoticiaText-Regular.ttf
Copyright: Copyright (c) 2011 JM Sole (info@jmsole.cl), with Reserved Font Name "Noticia Text".
Error: 
ERROR: BUILD FAILED
